// Jest Snapshot v1, https://goo.gl/fbAQLP

exports[`shallow rendering Search component renders a Search component 1`] = `<Search />`;
